// Jest Snapshot v1, https://goo.gl/fbAQLP

exports[`Player component it matches the snapshot 1`] = `
<div
  className="MuiPaper-root MuiPaper-elevation1 MuiCard-root Player-card-1 MuiPaper-rounded"
>
  <div
    className="MuiCardContent-root"
  >
    <span
      className="MuiBadge-root Player-badge-2"
    >
       
      <span
        className="MuiBadge-badge MuiBadge-colorPrimary"
      >
        mass
      </span>
    </span>
    <p
      className="MuiTypography-root MuiTypography-body1"
    >
      Player One
    </p>
    <ul
      className="MuiList-root MuiList-padding"
    >
      <li
        className="MuiListItem-root MuiListItem-gutters"
        disabled={false}
      >
        <b>
          height
        </b>
        : 
      </li>
      <li
        className="MuiListItem-root MuiListItem-gutters"
        disabled={false}
      >
        <b>
          mass
        </b>
        : 
      </li>
    </ul>
  </div>
</div>
`;
