// Jest Snapshot v1, https://goo.gl/fbAQLP

exports[`Player component it matches the snapshot 1`] = `
<div
  className="Player-card-1"
>
  <div
    className="card-body"
  >
    <h5
      className="card-title"
      style={
        Object {
          "textAlign": "center",
        }
      }
    >
      Player One
      <span
        className="badge badge-secondary"
      >
        mass
      </span>
    </h5>
    <ul
      className="MuiList-root MuiList-padding"
    >
      <li
        className="MuiListItem-root MuiListItem-gutters"
        disabled={false}
      >
        <b>
          height
        </b>
        : 
      </li>
      <li
        className="MuiListItem-root MuiListItem-gutters"
        disabled={false}
      >
        <b>
          mass
        </b>
        : 
      </li>
    </ul>
  </div>
</div>
`;
